------------------------------------------------------------
TimeQuest Timing Analyzer Summary
------------------------------------------------------------

Type  : Slow 1200mV 85C Model Setup 'clock'
Slack : -6.016
TNS   : -2069.722

Type  : Slow 1200mV 85C Model Setup 'reset'
Slack : -4.748
TNS   : -1629.547

Type  : Slow 1200mV 85C Model Hold 'reset'
Slack : -1.680
TNS   : -567.971

Type  : Slow 1200mV 85C Model Hold 'clock'
Slack : 0.370
TNS   : 0.000

Type  : Slow 1200mV 85C Model Recovery 'clock'
Slack : -4.661
TNS   : -2232.417

Type  : Slow 1200mV 85C Model Recovery 'reset'
Slack : -0.305
TNS   : -0.305

Type  : Slow 1200mV 85C Model Removal 'reset'
Slack : -2.285
TNS   : -1030.831

Type  : Slow 1200mV 85C Model Removal 'clock'
Slack : 0.561
TNS   : 0.000

Type  : Slow 1200mV 85C Model Minimum Pulse Width 'clock'
Slack : -3.000
TNS   : -925.630

Type  : Slow 1200mV 85C Model Minimum Pulse Width 'reset'
Slack : -3.000
TNS   : -3.000

Type  : Slow 1200mV 0C Model Setup 'clock'
Slack : -5.423
TNS   : -1867.446

Type  : Slow 1200mV 0C Model Setup 'reset'
Slack : -4.245
TNS   : -1449.464

Type  : Slow 1200mV 0C Model Hold 'reset'
Slack : -1.477
TNS   : -487.362

Type  : Slow 1200mV 0C Model Hold 'clock'
Slack : 0.327
TNS   : 0.000

Type  : Slow 1200mV 0C Model Recovery 'clock'
Slack : -4.127
TNS   : -1966.847

Type  : Slow 1200mV 0C Model Recovery 'reset'
Slack : -0.271
TNS   : -0.271

Type  : Slow 1200mV 0C Model Removal 'reset'
Slack : -2.000
TNS   : -893.918

Type  : Slow 1200mV 0C Model Removal 'clock'
Slack : 0.605
TNS   : 0.000

Type  : Slow 1200mV 0C Model Minimum Pulse Width 'clock'
Slack : -3.000
TNS   : -925.630

Type  : Slow 1200mV 0C Model Minimum Pulse Width 'reset'
Slack : -3.000
TNS   : -3.000

Type  : Fast 1200mV 0C Model Setup 'clock'
Slack : -2.715
TNS   : -736.127

Type  : Fast 1200mV 0C Model Setup 'reset'
Slack : -2.062
TNS   : -633.964

Type  : Fast 1200mV 0C Model Hold 'reset'
Slack : -0.956
TNS   : -354.748

Type  : Fast 1200mV 0C Model Hold 'clock'
Slack : -0.001
TNS   : -0.001

Type  : Fast 1200mV 0C Model Recovery 'clock'
Slack : -2.019
TNS   : -972.931

Type  : Fast 1200mV 0C Model Recovery 'reset'
Slack : -0.286
TNS   : -0.286

Type  : Fast 1200mV 0C Model Removal 'reset'
Slack : -1.276
TNS   : -584.901

Type  : Fast 1200mV 0C Model Removal 'clock'
Slack : 0.126
TNS   : 0.000

Type  : Fast 1200mV 0C Model Minimum Pulse Width 'clock'
Slack : -3.000
TNS   : -778.875

Type  : Fast 1200mV 0C Model Minimum Pulse Width 'reset'
Slack : -3.000
TNS   : -3.000

------------------------------------------------------------
