------------------------------------------------------------
TimeQuest Timing Analyzer Summary
------------------------------------------------------------

Type  : Slow 1200mV 85C Model Setup 'clock'
Slack : -6.911
TNS   : -2361.823

Type  : Slow 1200mV 85C Model Setup 'send_block_out'
Slack : -6.189
TNS   : -328.881

Type  : Slow 1200mV 85C Model Setup 'reset'
Slack : -6.082
TNS   : -2135.401

Type  : Slow 1200mV 85C Model Hold 'reset'
Slack : -0.991
TNS   : -156.755

Type  : Slow 1200mV 85C Model Hold 'clock'
Slack : 0.255
TNS   : 0.000

Type  : Slow 1200mV 85C Model Hold 'send_block_out'
Slack : 0.399
TNS   : 0.000

Type  : Slow 1200mV 85C Model Recovery 'clock'
Slack : -4.402
TNS   : -2326.299

Type  : Slow 1200mV 85C Model Recovery 'reset'
Slack : -2.077
TNS   : -567.537

Type  : Slow 1200mV 85C Model Removal 'reset'
Slack : -0.160
TNS   : -0.989

Type  : Slow 1200mV 85C Model Removal 'clock'
Slack : 0.606
TNS   : 0.000

Type  : Slow 1200mV 85C Model Minimum Pulse Width 'clock'
Slack : -3.000
TNS   : -977.030

Type  : Slow 1200mV 85C Model Minimum Pulse Width 'reset'
Slack : -3.000
TNS   : -3.000

Type  : Slow 1200mV 85C Model Minimum Pulse Width 'send_block_out'
Slack : -1.285
TNS   : -82.240

Type  : Slow 1200mV 0C Model Setup 'clock'
Slack : -6.293
TNS   : -2122.016

Type  : Slow 1200mV 0C Model Setup 'send_block_out'
Slack : -5.718
TNS   : -297.319

Type  : Slow 1200mV 0C Model Setup 'reset'
Slack : -5.537
TNS   : -1934.084

Type  : Slow 1200mV 0C Model Hold 'reset'
Slack : -0.863
TNS   : -122.063

Type  : Slow 1200mV 0C Model Hold 'clock'
Slack : 0.280
TNS   : 0.000

Type  : Slow 1200mV 0C Model Hold 'send_block_out'
Slack : 0.384
TNS   : 0.000

Type  : Slow 1200mV 0C Model Recovery 'clock'
Slack : -3.887
TNS   : -2048.396

Type  : Slow 1200mV 0C Model Recovery 'reset'
Slack : -1.842
TNS   : -479.747

Type  : Slow 1200mV 0C Model Removal 'reset'
Slack : -0.013
TNS   : -0.013

Type  : Slow 1200mV 0C Model Removal 'clock'
Slack : 0.629
TNS   : 0.000

Type  : Slow 1200mV 0C Model Minimum Pulse Width 'clock'
Slack : -3.000
TNS   : -977.030

Type  : Slow 1200mV 0C Model Minimum Pulse Width 'reset'
Slack : -3.000
TNS   : -3.000

Type  : Slow 1200mV 0C Model Minimum Pulse Width 'send_block_out'
Slack : -1.285
TNS   : -82.240

Type  : Fast 1200mV 0C Model Setup 'clock'
Slack : -3.045
TNS   : -893.851

Type  : Fast 1200mV 0C Model Setup 'reset'
Slack : -2.892
TNS   : -904.213

Type  : Fast 1200mV 0C Model Setup 'send_block_out'
Slack : -2.740
TNS   : -147.120

Type  : Fast 1200mV 0C Model Hold 'reset'
Slack : -0.625
TNS   : -136.891

Type  : Fast 1200mV 0C Model Hold 'clock'
Slack : 0.027
TNS   : 0.000

Type  : Fast 1200mV 0C Model Hold 'send_block_out'
Slack : 0.038
TNS   : 0.000

Type  : Fast 1200mV 0C Model Recovery 'clock'
Slack : -1.910
TNS   : -1028.834

Type  : Fast 1200mV 0C Model Recovery 'reset'
Slack : -1.230
TNS   : -395.649

Type  : Fast 1200mV 0C Model Removal 'reset'
Slack : -0.207
TNS   : -40.766

Type  : Fast 1200mV 0C Model Removal 'clock'
Slack : 0.141
TNS   : 0.000

Type  : Fast 1200mV 0C Model Minimum Pulse Width 'clock'
Slack : -3.000
TNS   : -821.091

Type  : Fast 1200mV 0C Model Minimum Pulse Width 'reset'
Slack : -3.000
TNS   : -3.000

Type  : Fast 1200mV 0C Model Minimum Pulse Width 'send_block_out'
Slack : -1.000
TNS   : -64.000

------------------------------------------------------------
